[33m[vite:css][postcss] @import must precede all other statements (besides @charset or empty @layer)
1973 |    }
1974 |  }
1975 |  @import url('https://fonts.googleapis.com/css2?family=Inter:wght@300;400;500;600;700;800&family=JetBrains+Mono:wght@4...
     |  ^^^^^^^^^^^^^^^^^^^^^^^^^^^^^^^^^^^^^^^^^^^^^^^^^^^^^^^^^^^^^^^^^^^^^^^^^^^^^^^^^^^^^^^^^^^^^^^^^^^^^^^^^^^^^^^^^^^^^^^^
1976 |  :root {
1977 |    font-family: 'Inter', system-ui, -apple-system, sans-serif;[39m
[2m9:24:22 pm[22m [31m[1m[vite][22m[39m [31m[2m(client)[22m[39m Pre-transform error: Transform failed with 1 error:

[31m[PARSE_ERROR] [0mExpected a semicolon or an implicit semicolon after a statement, but found none
    [38;5;246m╭[0m[38;5;246m─[0m[38;5;246m[[0m src/i18n/LanguageContext.tsx:29:13 [38;5;246m][0m
    [38;5;246m│[0m
 [38;5;246m29 │[0m [38;5;249m [0m[38;5;249m [0m[38;5;249m'[0m[38;5;249ma[0m[38;5;249mp[0m[38;5;249mp[0m[38;5;249m.[0m[38;5;249mn[0m[38;5;249ma[0m[38;5;249mm[0m[38;5;249me[0m[38;5;249m'[0m[38;5;249m:[0m[38;5;249m [0m[38;5;249m'[0m[38;5;249mB[0m[38;5;249mh[0m[38;5;249ma[0m[38;5;249ms[0m[38;5;249mh[0m[38;5;249ma[0m[38;5;249m [0m[38;5;249mN[0m[38;5;249mo[0m[38;5;249md[0m[38;5;249me[0m[38;5;249m'[0m[38;5;249m,[0m
 [38;5;240m   │[0m             │ 
 [38;5;240m   │[0m             ╰─ 
 [38;5;240m   │[0m 
 [38;5;240m   │[0m [38;5;115mHelp[0m: Try inserting a semicolon here
[38;5;246m────╯[0m

  Plugin: [35mvite:oxc[39m
  File: [36mC:/Projects/pers/baif/client/src/i18n/LanguageContext.tsx[39m
[2m9:24:22 pm[22m [31m[1m[vite][22m[39m [31m[2m(client)[22m[39m Pre-transform error: Transform failed with 1 error:

[31m[PARSE_ERROR] [0mExpected a semicolon or an implicit semicolon after a statement, but found none
    [38;5;246m╭[0m[38;5;246m─[0m[38;5;246m[[0m src/i18n/LanguageContext.tsx:29:13 [38;5;246m][0m
    [38;5;246m│[0m
 [38;5;246m29 │[0m [38;5;249m [0m[38;5;249m [0m[38;5;249m'[0m[38;5;249ma[0m[38;5;249mp[0m[38;5;249mp[0m[38;5;249m.[0m[38;5;249mn[0m[38;5;249ma[0m[38;5;249mm[0m[38;5;249me[0m[38;5;249m'[0m[38;5;249m:[0m[38;5;249m [0m[38;5;249m'[0m[38;5;249mB[0m[38;5;249mh[0m[38;5;249ma[0m[38;5;249ms[0m[38;5;249mh[0m[38;5;249ma[0m[38;5;249m [0m[38;5;249mN[0m[38;5;249mo[0m[38;5;249md[0m[38;5;249me[0m[38;5;249m'[0m[38;5;249m,[0m
 [38;5;240m   │[0m             │ 
 [38;5;240m   │[0m             ╰─ 
 [38;5;240m   │[0m 
 [38;5;240m   │[0m [38;5;115mHelp[0m: Try inserting a semicolon here
[38;5;246m────╯[0m

  Plugin: [35mvite:oxc[39m
  File: [36mC:/Projects/pers/baif/client/src/i18n/LanguageContext.tsx[39m
[2m9:24:22 pm[22m [31m[1m[vite][22m[39m [31m[2m(client)[22m[39m Pre-transform error: Transform failed with 1 error:

[31m[PARSE_ERROR] [0mExpected a semicolon or an implicit semicolon after a statement, but found none
    [38;5;246m╭[0m[38;5;246m─[0m[38;5;246m[[0m src/i18n/LanguageContext.tsx:29:13 [38;5;246m][0m
    [38;5;246m│[0m
 [38;5;246m29 │[0m [38;5;249m [0m[38;5;249m [0m[38;5;249m'[0m[38;5;249ma[0m[38;5;249mp[0m[38;5;249mp[0m[38;5;249m.[0m[38;5;249mn[0m[38;5;249ma[0m[38;5;249mm[0m[38;5;249me[0m[38;5;249m'[0m[38;5;249m:[0m[38;5;249m [0m[38;5;249m'[0m[38;5;249mB[0m[38;5;249mh[0m[38;5;249ma[0m[38;5;249ms[0m[38;5;249mh[0m[38;5;249ma[0m[38;5;249m [0m[38;5;249mN[0m[38;5;249mo[0m[38;5;249md[0m[38;5;249me[0m[38;5;249m'[0m[38;5;249m,[0m
 [38;5;240m   │[0m             │ 
 [38;5;240m   │[0m             ╰─ 
 [38;5;240m   │[0m 
 [38;5;240m   │[0m [38;5;115mHelp[0m: Try inserting a semicolon here
[38;5;246m────╯[0m

  Plugin: [35mvite:oxc[39m
  File: [36mC:/Projects/pers/baif/client/src/i18n/LanguageContext.tsx[39m
[2m9:24:22 pm[22m [31m[1m[vite][22m[39m [31m[2m(client)[22m[39m Pre-transform error: Transform failed with 1 error:

[31m[PARSE_ERROR] [0mExpected a semicolon or an implicit semicolon after a statement, but found none
    [38;5;246m╭[0m[38;5;246m─[0m[38;5;246m[[0m src/i18n/LanguageContext.tsx:29:13 [38;5;246m][0m
    [38;5;246m│[0m
 [38;5;246m29 │[0m [38;5;249m [0m[38;5;249m [0m[38;5;249m'[0m[38;5;249ma[0m[38;5;249mp[0m[38;5;249mp[0m[38;5;249m.[0m[38;5;249mn[0m[38;5;249ma[0m[38;5;249mm[0m[38;5;249me[0m[38;5;249m'[0m[38;5;249m:[0m[38;5;249m [0m[38;5;249m'[0m[38;5;249mB[0m[38;5;249mh[0m[38;5;249ma[0m[38;5;249ms[0m[38;5;249mh[0m[38;5;249ma[0m[38;5;249m [0m[38;5;249mN[0m[38;5;249mo[0m[38;5;249md[0m[38;5;249me[0m[38;5;249m'[0m[38;5;249m,[0m
 [38;5;240m   │[0m             │ 
 [38;5;240m   │[0m             ╰─ 
 [38;5;240m   │[0m 
 [38;5;240m   │[0m [38;5;115mHelp[0m: Try inserting a semicolon here
[38;5;246m────╯[0m

  Plugin: [35mvite:oxc[39m
  File: [36mC:/Projects/pers/baif/client/src/i18n/LanguageContext.tsx[39m
[2m9:24:22 pm[22m [31m[1m[vite][22m[39m [31m[2m(client)[22m[39m Pre-transform error: Transform failed with 1 error:

[31m[PARSE_ERROR] [0mExpected a semicolon or an implicit semicolon after a statement, but found none
    [38;5;246m╭[0m[38;5;246m─[0m[38;5;246m[[0m src/i18n/LanguageContext.tsx:29:13 [38;5;246m][0m
    [38;5;246m│[0m
 [38;5;246m29 │[0m [38;5;249m [0m[38;5;249m [0m[38;5;249m'[0m[38;5;249ma[0m[38;5;249mp[0m[38;5;249mp[0m[38;5;249m.[0m[38;5;249mn[0m[38;5;249ma[0m[38;5;249mm[0m[38;5;249me[0m[38;5;249m'[0m[38;5;249m:[0m[38;5;249m [0m[38;5;249m'[0m[38;5;249mB[0m[38;5;249mh[0m[38;5;249ma[0m[38;5;249ms[0m[38;5;249mh[0m[38;5;249ma[0m[38;5;249m [0m[38;5;249mN[0m[38;5;249mo[0m[38;5;249md[0m[38;5;249me[0m[38;5;249m'[0m[38;5;249m,[0m
 [38;5;240m   │[0m             │ 
 [38;5;240m   │[0m             ╰─ 
 [38;5;240m   │[0m 
 [38;5;240m   │[0m [38;5;115mHelp[0m: Try inserting a semicolon here
[38;5;246m────╯[0m

  Plugin: [35mvite:oxc[39m
  File: [36mC:/Projects/pers/baif/client/src/i18n/LanguageContext.tsx[39m
[2m9:24:22 pm[22m [31m[1m[vite][22m[39m [31m[2m(client)[22m[39m Pre-transform error: Transform failed with 1 error:

[31m[PARSE_ERROR] [0mExpected a semicolon or an implicit semicolon after a statement, but found none
    [38;5;246m╭[0m[38;5;246m─[0m[38;5;246m[[0m src/i18n/LanguageContext.tsx:29:13 [38;5;246m][0m
    [38;5;246m│[0m
 [38;5;246m29 │[0m [38;5;249m [0m[38;5;249m [0m[38;5;249m'[0m[38;5;249ma[0m[38;5;249mp[0m[38;5;249mp[0m[38;5;249m.[0m[38;5;249mn[0m[38;5;249ma[0m[38;5;249mm[0m[38;5;249me[0m[38;5;249m'[0m[38;5;249m:[0m[38;5;249m [0m[38;5;249m'[0m[38;5;249mB[0m[38;5;249mh[0m[38;5;249ma[0m[38;5;249ms[0m[38;5;249mh[0m[38;5;249ma[0m[38;5;249m [0m[38;5;249mN[0m[38;5;249mo[0m[38;5;249md[0m[38;5;249me[0m[38;5;249m'[0m[38;5;249m,[0m
 [38;5;240m   │[0m             │ 
 [38;5;240m   │[0m             ╰─ 
 [38;5;240m   │[0m 
 [38;5;240m   │[0m [38;5;115mHelp[0m: Try inserting a semicolon here
[38;5;246m────╯[0m

  Plugin: [35mvite:oxc[39m
  File: [36mC:/Projects/pers/baif/client/src/i18n/LanguageContext.tsx[39m
[2m9:24:22 pm[22m [31m[1m[vite][22m[39m [31m[2m(client)[22m[39m Pre-transform error: Transform failed with 1 error:

[31m[PARSE_ERROR] [0mExpected a semicolon or an implicit semicolon after a statement, but found none
    [38;5;246m╭[0m[38;5;246m─[0m[38;5;246m[[0m src/i18n/LanguageContext.tsx:29:13 [38;5;246m][0m
    [38;5;246m│[0m
 [38;5;246m29 │[0m [38;5;249m [0m[38;5;249m [0m[38;5;249m'[0m[38;5;249ma[0m[38;5;249mp[0m[38;5;249mp[0m[38;5;249m.[0m[38;5;249mn[0m[38;5;249ma[0m[38;5;249mm[0m[38;5;249me[0m[38;5;249m'[0m[38;5;249m:[0m[38;5;249m [0m[38;5;249m'[0m[38;5;249mB[0m[38;5;249mh[0m[38;5;249ma[0m[38;5;249ms[0m[38;5;249mh[0m[38;5;249ma[0m[38;5;249m [0m[38;5;249mN[0m[38;5;249mo[0m[38;5;249md[0m[38;5;249me[0m[38;5;249m'[0m[38;5;249m,[0m
 [38;5;240m   │[0m             │ 
 [38;5;240m   │[0m             ╰─ 
 [38;5;240m   │[0m 
 [38;5;240m   │[0m [38;5;115mHelp[0m: Try inserting a semicolon here
[38;5;246m────╯[0m

  Plugin: [35mvite:oxc[39m
  File: [36mC:/Projects/pers/baif/client/src/i18n/LanguageContext.tsx[39m
[2m9:24:22 pm[22m [31m[1m[vite][22m[39m [31m[2m(client)[22m[39m Pre-transform error: Transform failed with 1 error:

[31m[PARSE_ERROR] [0mExpected a semicolon or an implicit semicolon after a statement, but found none
    [38;5;246m╭[0m[38;5;246m─[0m[38;5;246m[[0m src/i18n/LanguageContext.tsx:29:13 [38;5;246m][0m
    [38;5;246m│[0m
 [38;5;246m29 │[0m [38;5;249m [0m[38;5;249m [0m[38;5;249m'[0m[38;5;249ma[0m[38;5;249mp[0m[38;5;249mp[0m[38;5;249m.[0m[38;5;249mn[0m[38;5;249ma[0m[38;5;249mm[0m[38;5;249me[0m[38;5;249m'[0m[38;5;249m:[0m[38;5;249m [0m[38;5;249m'[0m[38;5;249mB[0m[38;5;249mh[0m[38;5;249ma[0m[38;5;249ms[0m[38;5;249mh[0m[38;5;249ma[0m[38;5;249m [0m[38;5;249mN[0m[38;5;249mo[0m[38;5;249md[0m[38;5;249me[0m[38;5;249m'[0m[38;5;249m,[0m
 [38;5;240m   │[0m             │ 
 [38;5;240m   │[0m             ╰─ 
 [38;5;240m   │[0m 
 [38;5;240m   │[0m [38;5;115mHelp[0m: Try inserting a semicolon here
[38;5;246m────╯[0m

  Plugin: [35mvite:oxc[39m
  File: [36mC:/Projects/pers/baif/client/src/i18n/LanguageContext.tsx[39m
[2m9:24:22 pm[22m [31m[1m[vite][22m[39m [31m[2m(client)[22m[39m Pre-transform error: Transform failed with 1 error:

[31m[PARSE_ERROR] [0mExpected a semicolon or an implicit semicolon after a statement, but found none
    [38;5;246m╭[0m[38;5;246m─[0m[38;5;246m[[0m src/i18n/LanguageContext.tsx:29:13 [38;5;246m][0m
    [38;5;246m│[0m
 [38;5;246m29 │[0m [38;5;249m [0m[38;5;249m [0m[38;5;249m'[0m[38;5;249ma[0m[38;5;249mp[0m[38;5;249mp[0m[38;5;249m.[0m[38;5;249mn[0m[38;5;249ma[0m[38;5;249mm[0m[38;5;249me[0m[38;5;249m'[0m[38;5;249m:[0m[38;5;249m [0m[38;5;249m'[0m[38;5;249mB[0m[38;5;249mh[0m[38;5;249ma[0m[38;5;249ms[0m[38;5;249mh[0m[38;5;249ma[0m[38;5;249m [0m[38;5;249mN[0m[38;5;249mo[0m[38;5;249md[0m[38;5;249me[0m[38;5;249m'[0m[38;5;249m,[0m
 [38;5;240m   │[0m             │ 
 [38;5;240m   │[0m             ╰─ 
 [38;5;240m   │[0m 
 [38;5;240m   │[0m [38;5;115mHelp[0m: Try inserting a semicolon here
[38;5;246m────╯[0m

  Plugin: [35mvite:oxc[39m
  File: [36mC:/Projects/pers/baif/client/src/i18n/LanguageContext.tsx[39m
[33m[vite:css][postcss] @import must precede all other statements (besides @charset or empty @layer)
1973 |    }
1974 |  }
1975 |  @import url('https://fonts.googleapis.com/css2?family=Inter:wght@300;400;500;600;700;800&family=JetBrains+Mono:wght@4...
     |  ^^^^^^^^^^^^^^^^^^^^^^^^^^^^^^^^^^^^^^^^^^^^^^^^^^^^^^^^^^^^^^^^^^^^^^^^^^^^^^^^^^^^^^^^^^^^^^^^^^^^^^^^^^^^^^^^^^^^^^^^
1976 |  :root {
1977 |    font-family: 'Inter', system-ui, -apple-system, sans-serif;[39m
[2m9:24:23 pm[22m [31m[1m[vite][22m[39m [31mInternal server error: Transform failed with 1 error:

[31m[PARSE_ERROR] [0mExpected a semicolon or an implicit semicolon after a statement, but found none
    [38;5;246m╭[0m[38;5;246m─[0m[38;5;246m[[0m src/i18n/LanguageContext.tsx:29:13 [38;5;246m][0m
    [38;5;246m│[0m
 [38;5;246m29 │[0m [38;5;249m [0m[38;5;249m [0m[38;5;249m'[0m[38;5;249ma[0m[38;5;249mp[0m[38;5;249mp[0m[38;5;249m.[0m[38;5;249mn[0m[38;5;249ma[0m[38;5;249mm[0m[38;5;249me[0m[38;5;249m'[0m[38;5;249m:[0m[38;5;249m [0m[38;5;249m'[0m[38;5;249mB[0m[38;5;249mh[0m[38;5;249ma[0m[38;5;249ms[0m[38;5;249mh[0m[38;5;249ma[0m[38;5;249m [0m[38;5;249mN[0m[38;5;249mo[0m[38;5;249md[0m[38;5;249me[0m[38;5;249m'[0m[38;5;249m,[0m
 [38;5;240m   │[0m             │ 
 [38;5;240m   │[0m             ╰─ 
 [38;5;240m   │[0m 
 [38;5;240m   │[0m [38;5;115mHelp[0m: Try inserting a semicolon here
[38;5;246m────╯[0m
[39m
  Plugin: [35mvite:oxc[39m
  File: [36mC:/Projects/pers/baif/client/src/i18n/LanguageContext.tsx[39m
      at transformWithOxc (file:///C:/Projects/pers/baif/client/node_modules/vite/dist/node/chunks/node.js:3661:19)
      at TransformPluginContext.transform (file:///C:/Projects/pers/baif/client/node_modules/vite/dist/node/chunks/node.js:3732:26)
      at EnvironmentPluginContainer.transform (file:///C:/Projects/pers/baif/client/node_modules/vite/dist/node/chunks/node.js:29745:51)
      at async loadAndTransform (file:///C:/Projects/pers/baif/client/node_modules/vite/dist/node/chunks/node.js:19729:26)
      at async viteTransformMiddleware (file:///C:/Projects/pers/baif/client/node_modules/vite/dist/node/chunks/node.js:24160:20)
[2m9:24:43 pm[22m [31m[1m[vite][22m[39m [31m[2m(client)[22m[39m Pre-transform error: Transform failed with 1 error:

[31m[PARSE_ERROR] [0mExpected a semicolon or an implicit semicolon after a statement, but found none
    [38;5;246m╭[0m[38;5;246m─[0m[38;5;246m[[0m src/i18n/LanguageContext.tsx:29:13 [38;5;246m][0m
    [38;5;246m│[0m
 [38;5;246m29 │[0m [38;5;249m [0m[38;5;249m [0m[38;5;249m'[0m[38;5;249ma[0m[38;5;249mp[0m[38;5;249mp[0m[38;5;249m.[0m[38;5;249mn[0m[38;5;249ma[0m[38;5;249mm[0m[38;5;249me[0m[38;5;249m'[0m[38;5;249m:[0m[38;5;249m [0m[38;5;249m'[0m[38;5;249mB[0m[38;5;249mh[0m[38;5;249ma[0m[38;5;249ms[0m[38;5;249mh[0m[38;5;249ma[0m[38;5;249m [0m[38;5;249mN[0m[38;5;249mo[0m[38;5;249md[0m[38;5;249me[0m[38;5;249m'[0m[38;5;249m,[0m
 [38;5;240m   │[0m             │ 
 [38;5;240m   │[0m             ╰─ 
 [38;5;240m   │[0m 
 [38;5;240m   │[0m [38;5;115mHelp[0m: Try inserting a semicolon here
[38;5;246m────╯[0m

  Plugin: [35mvite:oxc[39m
  File: [36mC:/Projects/pers/baif/client/src/i18n/LanguageContext.tsx[39m
[2m9:24:43 pm[22m [31m[1m[vite][22m[39m [31m[2m(client)[22m[39m Pre-transform error: Transform failed with 1 error:

[31m[PARSE_ERROR] [0mExpected a semicolon or an implicit semicolon after a statement, but found none
    [38;5;246m╭[0m[38;5;246m─[0m[38;5;246m[[0m src/i18n/LanguageContext.tsx:29:13 [38;5;246m][0m
    [38;5;246m│[0m
 [38;5;246m29 │[0m [38;5;249m [0m[38;5;249m [0m[38;5;249m'[0m[38;5;249ma[0m[38;5;249mp[0m[38;5;249mp[0m[38;5;249m.[0m[38;5;249mn[0m[38;5;249ma[0m[38;5;249mm[0m[38;5;249me[0m[38;5;249m'[0m[38;5;249m:[0m[38;5;249m [0m[38;5;249m'[0m[38;5;249mB[0m[38;5;249mh[0m[38;5;249ma[0m[38;5;249ms[0m[38;5;249mh[0m[38;5;249ma[0m[38;5;249m [0m[38;5;249mN[0m[38;5;249mo[0m[38;5;249md[0m[38;5;249me[0m[38;5;249m'[0m[38;5;249m,[0m
 [38;5;240m   │[0m             │ 
 [38;5;240m   │[0m             ╰─ 
 [38;5;240m   │[0m 
 [38;5;240m   │[0m [38;5;115mHelp[0m: Try inserting a semicolon here
[38;5;246m────╯[0m

  Plugin: [35mvite:oxc[39m
  File: [36mC:/Projects/pers/baif/client/src/i18n/LanguageContext.tsx[39m
[33m[vite:css][postcss] @import must precede all other statements (besides @charset or empty @layer)
1973 |    }
1974 |  }
1975 |  @import url('https://fonts.googleapis.com/css2?family=Inter:wght@300;400;500;600;700;800&family=JetBrains+Mono:wght@4...
     |  ^^^^^^^^^^^^^^^^^^^^^^^^^^^^^^^^^^^^^^^^^^^^^^^^^^^^^^^^^^^^^^^^^^^^^^^^^^^^^^^^^^^^^^^^^^^^^^^^^^^^^^^^^^^^^^^^^^^^^^^^
1976 |  :root {
1977 |    font-family: 'Inter', system-ui, -apple-system, sans-serif;[39m
[2m9:24:43 pm[22m [31m[1m[vite][22m[39m [31m[2m(client)[22m[39m Pre-transform error: Transform failed with 1 error:

[31m[PARSE_ERROR] [0mExpected a semicolon or an implicit semicolon after a statement, but found none
    [38;5;246m╭[0m[38;5;246m─[0m[38;5;246m[[0m src/i18n/LanguageContext.tsx:29:13 [38;5;246m][0m
    [38;5;246m│[0m
 [38;5;246m29 │[0m [38;5;249m [0m[38;5;249m [0m[38;5;249m'[0m[38;5;249ma[0m[38;5;249mp[0m[38;5;249mp[0m[38;5;249m.[0m[38;5;249mn[0m[38;5;249ma[0m[38;5;249mm[0m[38;5;249me[0m[38;5;249m'[0m[38;5;249m:[0m[38;5;249m [0m[38;5;249m'[0m[38;5;249mB[0m[38;5;249mh[0m[38;5;249ma[0m[38;5;249ms[0m[38;5;249mh[0m[38;5;249ma[0m[38;5;249m [0m[38;5;249mN[0m[38;5;249mo[0m[38;5;249md[0m[38;5;249me[0m[38;5;249m'[0m[38;5;249m,[0m
 [38;5;240m   │[0m             │ 
 [38;5;240m   │[0m             ╰─ 
 [38;5;240m   │[0m 
 [38;5;240m   │[0m [38;5;115mHelp[0m: Try inserting a semicolon here
[38;5;246m────╯[0m

  Plugin: [35mvite:oxc[39m
  File: [36mC:/Projects/pers/baif/client/src/i18n/LanguageContext.tsx[39m
[2m9:24:44 pm[22m [31m[1m[vite][22m[39m [31mInternal server error: Transform failed with 1 error:

[31m[PARSE_ERROR] [0mExpected a semicolon or an implicit semicolon after a statement, but found none
    [38;5;246m╭[0m[38;5;246m─[0m[38;5;246m[[0m src/i18n/LanguageContext.tsx:29:13 [38;5;246m][0m
    [38;5;246m│[0m
 [38;5;246m29 │[0m [38;5;249m [0m[38;5;249m [0m[38;5;249m'[0m[38;5;249ma[0m[38;5;249mp[0m[38;5;249mp[0m[38;5;249m.[0m[38;5;249mn[0m[38;5;249ma[0m[38;5;249mm[0m[38;5;249me[0m[38;5;249m'[0m[38;5;249m:[0m[38;5;249m [0m[38;5;249m'[0m[38;5;249mB[0m[38;5;249mh[0m[38;5;249ma[0m[38;5;249ms[0m[38;5;249mh[0m[38;5;249ma[0m[38;5;249m [0m[38;5;249mN[0m[38;5;249mo[0m[38;5;249md[0m[38;5;249me[0m[38;5;249m'[0m[38;5;249m,[0m
 [38;5;240m   │[0m             │ 
 [38;5;240m   │[0m             ╰─ 
 [38;5;240m   │[0m 
 [38;5;240m   │[0m [38;5;115mHelp[0m: Try inserting a semicolon here
[38;5;246m────╯[0m
[39m
  Plugin: [35mvite:oxc[39m
  File: [36mC:/Projects/pers/baif/client/src/i18n/LanguageContext.tsx[39m
      at transformWithOxc (file:///C:/Projects/pers/baif/client/node_modules/vite/dist/node/chunks/node.js:3661:19)
      at TransformPluginContext.transform (file:///C:/Projects/pers/baif/client/node_modules/vite/dist/node/chunks/node.js:3732:26)
      at EnvironmentPluginContainer.transform (file:///C:/Projects/pers/baif/client/node_modules/vite/dist/node/chunks/node.js:29745:51)
      at async loadAndTransform (file:///C:/Projects/pers/baif/client/node_modules/vite/dist/node/chunks/node.js:19729:26)
      at async viteTransformMiddleware (file:///C:/Projects/pers/baif/client/node_modules/vite/dist/node/chunks/node.js:24160:20)
[2m9:24:59 pm[22m [31m[1m[vite][22m[39m [31m[2m(client)[22m[39m Pre-transform error: Transform failed with 1 error:

[31m[PARSE_ERROR] [0mExpected a semicolon or an implicit semicolon after a statement, but found none
    [38;5;246m╭[0m[38;5;246m─[0m[38;5;246m[[0m src/i18n/LanguageContext.tsx:29:13 [38;5;246m][0m
    [38;5;246m│[0m
 [38;5;246m29 │[0m [38;5;249m [0m[38;5;249m [0m[38;5;249m'[0m[38;5;249ma[0m[38;5;249mp[0m[38;5;249mp[0m[38;5;249m.[0m[38;5;249mn[0m[38;5;249ma[0m[38;5;249mm[0m[38;5;249me[0m[38;5;249m'[0m[38;5;249m:[0m[38;5;249m [0m[38;5;249m'[0m[38;5;249mB[0m[38;5;249mh[0m[38;5;249ma[0m[38;5;249ms[0m[38;5;249mh[0m[38;5;249ma[0m[38;5;249m [0m[38;5;249mN[0m[38;5;249mo[0m[38;5;249md[0m[38;5;249me[0m[38;5;249m'[0m[38;5;249m,[0m
 [38;5;240m   │[0m             │ 
 [38;5;240m   │[0m             ╰─ 
 [38;5;240m   │[0m 
 [38;5;240m   │[0m [38;5;115mHelp[0m: Try inserting a semicolon here
[38;5;246m────╯[0m

  Plugin: [35mvite:oxc[39m
  File: [36mC:/Projects/pers/baif/client/src/i18n/LanguageContext.tsx[39m
[33m[vite:css][postcss] @import must precede all other statements (besides @charset or empty @layer)
1973 |    }
1974 |  }
1975 |  @import url('https://fonts.googleapis.com/css2?family=Inter:wght@300;400;500;600;700;800&family=JetBrains+Mono:wght@4...
     |  ^^^^^^^^^^^^^^^^^^^^^^^^^^^^^^^^^^^^^^^^^^^^^^^^^^^^^^^^^^^^^^^^^^^^^^^^^^^^^^^^^^^^^^^^^^^^^^^^^^^^^^^^^^^^^^^^^^^^^^^^
1976 |  :root {
1977 |    font-family: 'Inter', system-ui, -apple-system, sans-serif;[39m
[2m9:24:59 pm[22m [31m[1m[vite][22m[39m [31m[2m(client)[22m[39m Pre-transform error: Transform failed with 1 error:

[31m[PARSE_ERROR] [0mExpected a semicolon or an implicit semicolon after a statement, but found none
    [38;5;246m╭[0m[38;5;246m─[0m[38;5;246m[[0m src/i18n/LanguageContext.tsx:29:13 [38;5;246m][0m
    [38;5;246m│[0m
 [38;5;246m29 │[0m [38;5;249m [0m[38;5;249m [0m[38;5;249m'[0m[38;5;249ma[0m[38;5;249mp[0m[38;5;249mp[0m[38;5;249m.[0m[38;5;249mn[0m[38;5;249ma[0m[38;5;249mm[0m[38;5;249me[0m[38;5;249m'[0m[38;5;249m:[0m[38;5;249m [0m[38;5;249m'[0m[38;5;249mB[0m[38;5;249mh[0m[38;5;249ma[0m[38;5;249ms[0m[38;5;249mh[0m[38;5;249ma[0m[38;5;249m [0m[38;5;249mN[0m[38;5;249mo[0m[38;5;249md[0m[38;5;249me[0m[38;5;249m'[0m[38;5;249m,[0m
 [38;5;240m   │[0m             │ 
 [38;5;240m   │[0m             ╰─ 
 [38;5;240m   │[0m 
 [38;5;240m   │[0m [38;5;115mHelp[0m: Try inserting a semicolon here
[38;5;246m────╯[0m

  Plugin: [35mvite:oxc[39m
  File: [36mC:/Projects/pers/baif/client/src/i18n/LanguageContext.tsx[39m
[2m9:24:59 pm[22m [31m[1m[vite][22m[39m [31mInternal server error: Transform failed with 1 error:

[31m[PARSE_ERROR] [0mExpected a semicolon or an implicit semicolon after a statement, but found none
    [38;5;246m╭[0m[38;5;246m─[0m[38;5;246m[[0m src/i18n/LanguageContext.tsx:29:13 [38;5;246m][0m
    [38;5;246m│[0m
 [38;5;246m29 │[0m [38;5;249m [0m[38;5;249m [0m[38;5;249m'[0m[38;5;249ma[0m[38;5;249mp[0m[38;5;249mp[0m[38;5;249m.[0m[38;5;249mn[0m[38;5;249ma[0m[38;5;249mm[0m[38;5;249me[0m[38;5;249m'[0m[38;5;249m:[0m[38;5;249m [0m[38;5;249m'[0m[38;5;249mB[0m[38;5;249mh[0m[38;5;249ma[0m[38;5;249ms[0m[38;5;249mh[0m[38;5;249ma[0m[38;5;249m [0m[38;5;249mN[0m[38;5;249mo[0m[38;5;249md[0m[38;5;249me[0m[38;5;249m'[0m[38;5;249m,[0m
 [38;5;240m   │[0m             │ 
 [38;5;240m   │[0m             ╰─ 
 [38;5;240m   │[0m 
 [38;5;240m   │[0m [38;5;115mHelp[0m: Try inserting a semicolon here
[38;5;246m────╯[0m
[39m
  Plugin: [35mvite:oxc[39m
  File: [36mC:/Projects/pers/baif/client/src/i18n/LanguageContext.tsx[39m
      at transformWithOxc (file:///C:/Projects/pers/baif/client/node_modules/vite/dist/node/chunks/node.js:3661:19)
      at TransformPluginContext.transform (file:///C:/Projects/pers/baif/client/node_modules/vite/dist/node/chunks/node.js:3732:26)
      at EnvironmentPluginContainer.transform (file:///C:/Projects/pers/baif/client/node_modules/vite/dist/node/chunks/node.js:29745:51)
      at async loadAndTransform (file:///C:/Projects/pers/baif/client/node_modules/vite/dist/node/chunks/node.js:19729:26)
      at async viteTransformMiddleware (file:///C:/Projects/pers/baif/client/node_modules/vite/dist/node/chunks/node.js:24160:20)
[2m9:25:27 pm[22m [31m[1m[vite][22m[39m [31m[2m(client)[22m[39m Pre-transform error: Transform failed with 1 error:

[31m[PARSE_ERROR] [0mExpected a semicolon or an implicit semicolon after a statement, but found none
    [38;5;246m╭[0m[38;5;246m─[0m[38;5;246m[[0m src/i18n/LanguageContext.tsx:29:13 [38;5;246m][0m
    [38;5;246m│[0m
 [38;5;246m29 │[0m [38;5;249m [0m[38;5;249m [0m[38;5;249m'[0m[38;5;249ma[0m[38;5;249mp[0m[38;5;249mp[0m[38;5;249m.[0m[38;5;249mn[0m[38;5;249ma[0m[38;5;249mm[0m[38;5;249me[0m[38;5;249m'[0m[38;5;249m:[0m[38;5;249m [0m[38;5;249m'[0m[38;5;249mB[0m[38;5;249mh[0m[38;5;249ma[0m[38;5;249ms[0m[38;5;249mh[0m[38;5;249ma[0m[38;5;249m [0m[38;5;249mN[0m[38;5;249mo[0m[38;5;249md[0m[38;5;249me[0m[38;5;249m'[0m[38;5;249m,[0m
 [38;5;240m   │[0m             │ 
 [38;5;240m   │[0m             ╰─ 
 [38;5;240m   │[0m 
 [38;5;240m   │[0m [38;5;115mHelp[0m: Try inserting a semicolon here
[38;5;246m────╯[0m

  Plugin: [35mvite:oxc[39m
  File: [36mC:/Projects/pers/baif/client/src/i18n/LanguageContext.tsx[39m
[2m9:25:27 pm[22m [31m[1m[vite][22m[39m [31m[2m(client)[22m[39m Pre-transform error: Transform failed with 1 error:

[31m[PARSE_ERROR] [0mExpected a semicolon or an implicit semicolon after a statement, but found none
    [38;5;246m╭[0m[38;5;246m─[0m[38;5;246m[[0m src/i18n/LanguageContext.tsx:29:13 [38;5;246m][0m
    [38;5;246m│[0m
 [38;5;246m29 │[0m [38;5;249m [0m[38;5;249m [0m[38;5;249m'[0m[38;5;249ma[0m[38;5;249mp[0m[38;5;249mp[0m[38;5;249m.[0m[38;5;249mn[0m[38;5;249ma[0m[38;5;249mm[0m[38;5;249me[0m[38;5;249m'[0m[38;5;249m:[0m[38;5;249m [0m[38;5;249m'[0m[38;5;249mB[0m[38;5;249mh[0m[38;5;249ma[0m[38;5;249ms[0m[38;5;249mh[0m[38;5;249ma[0m[38;5;249m [0m[38;5;249mN[0m[38;5;249mo[0m[38;5;249md[0m[38;5;249me[0m[38;5;249m'[0m[38;5;249m,[0m
 [38;5;240m   │[0m             │ 
 [38;5;240m   │[0m             ╰─ 
 [38;5;240m   │[0m 
 [38;5;240m   │[0m [38;5;115mHelp[0m: Try inserting a semicolon here
[38;5;246m────╯[0m

  Plugin: [35mvite:oxc[39m
  File: [36mC:/Projects/pers/baif/client/src/i18n/LanguageContext.tsx[39m
[33m[vite:css][postcss] @import must precede all other statements (besides @charset or empty @layer)
1973 |    }
1974 |  }
1975 |  @import url('https://fonts.googleapis.com/css2?family=Inter:wght@300;400;500;600;700;800&family=JetBrains+Mono:wght@4...
     |  ^^^^^^^^^^^^^^^^^^^^^^^^^^^^^^^^^^^^^^^^^^^^^^^^^^^^^^^^^^^^^^^^^^^^^^^^^^^^^^^^^^^^^^^^^^^^^^^^^^^^^^^^^^^^^^^^^^^^^^^^
1976 |  :root {
1977 |    font-family: 'Inter', system-ui, -apple-system, sans-serif;[39m
[2m9:25:27 pm[22m [31m[1m[vite][22m[39m [31m[2m(client)[22m[39m Pre-transform error: Transform failed with 1 error:

[31m[PARSE_ERROR] [0mExpected a semicolon or an implicit semicolon after a statement, but found none
    [38;5;246m╭[0m[38;5;246m─[0m[38;5;246m[[0m src/i18n/LanguageContext.tsx:29:13 [38;5;246m][0m
    [38;5;246m│[0m
 [38;5;246m29 │[0m [38;5;249m [0m[38;5;249m [0m[38;5;249m'[0m[38;5;249ma[0m[38;5;249mp[0m[38;5;249mp[0m[38;5;249m.[0m[38;5;249mn[0m[38;5;249ma[0m[38;5;249mm[0m[38;5;249me[0m[38;5;249m'[0m[38;5;249m:[0m[38;5;249m [0m[38;5;249m'[0m[38;5;249mB[0m[38;5;249mh[0m[38;5;249ma[0m[38;5;249ms[0m[38;5;249mh[0m[38;5;249ma[0m[38;5;249m [0m[38;5;249mN[0m[38;5;249mo[0m[38;5;249md[0m[38;5;249me[0m[38;5;249m'[0m[38;5;249m,[0m
 [38;5;240m   │[0m             │ 
 [38;5;240m   │[0m             ╰─ 
 [38;5;240m   │[0m 
 [38;5;240m   │[0m [38;5;115mHelp[0m: Try inserting a semicolon here
[38;5;246m────╯[0m

  Plugin: [35mvite:oxc[39m
  File: [36mC:/Projects/pers/baif/client/src/i18n/LanguageContext.tsx[39m
[2m9:25:27 pm[22m [31m[1m[vite][22m[39m [31mInternal server error: Transform failed with 1 error:

[31m[PARSE_ERROR] [0mExpected a semicolon or an implicit semicolon after a statement, but found none
    [38;5;246m╭[0m[38;5;246m─[0m[38;5;246m[[0m src/i18n/LanguageContext.tsx:29:13 [38;5;246m][0m
    [38;5;246m│[0m
 [38;5;246m29 │[0m [38;5;249m [0m[38;5;249m [0m[38;5;249m'[0m[38;5;249ma[0m[38;5;249mp[0m[38;5;249mp[0m[38;5;249m.[0m[38;5;249mn[0m[38;5;249ma[0m[38;5;249mm[0m[38;5;249me[0m[38;5;249m'[0m[38;5;249m:[0m[38;5;249m [0m[38;5;249m'[0m[38;5;249mB[0m[38;5;249mh[0m[38;5;249ma[0m[38;5;249ms[0m[38;5;249mh[0m[38;5;249ma[0m[38;5;249m [0m[38;5;249mN[0m[38;5;249mo[0m[38;5;249md[0m[38;5;249me[0m[38;5;249m'[0m[38;5;249m,[0m
 [38;5;240m   │[0m             │ 
 [38;5;240m   │[0m             ╰─ 
 [38;5;240m   │[0m 
 [38;5;240m   │[0m [38;5;115mHelp[0m: Try inserting a semicolon here
[38;5;246m────╯[0m
[39m
  Plugin: [35mvite:oxc[39m
  File: [36mC:/Projects/pers/baif/client/src/i18n/LanguageContext.tsx[39m
      at transformWithOxc (file:///C:/Projects/pers/baif/client/node_modules/vite/dist/node/chunks/node.js:3661:19)
      at TransformPluginContext.transform (file:///C:/Projects/pers/baif/client/node_modules/vite/dist/node/chunks/node.js:3732:26)
      at EnvironmentPluginContainer.transform (file:///C:/Projects/pers/baif/client/node_modules/vite/dist/node/chunks/node.js:29745:51)
      at async loadAndTransform (file:///C:/Projects/pers/baif/client/node_modules/vite/dist/node/chunks/node.js:19729:26)
      at async viteTransformMiddleware (file:///C:/Projects/pers/baif/client/node_modules/vite/dist/node/chunks/node.js:24160:20)
[2m9:25:49 pm[22m [31m[1m[vite][22m[39m [31m[2m(client)[22m[39m Pre-transform error: Transform failed with 1 error:

[31m[PARSE_ERROR] [0mExpected a semicolon or an implicit semicolon after a statement, but found none
    [38;5;246m╭[0m[38;5;246m─[0m[38;5;246m[[0m src/i18n/LanguageContext.tsx:29:13 [38;5;246m][0m
    [38;5;246m│[0m
 [38;5;246m29 │[0m [38;5;249m [0m[38;5;249m [0m[38;5;249m'[0m[38;5;249ma[0m[38;5;249mp[0m[38;5;249mp[0m[38;5;249m.[0m[38;5;249mn[0m[38;5;249ma[0m[38;5;249mm[0m[38;5;249me[0m[38;5;249m'[0m[38;5;249m:[0m[38;5;249m [0m[38;5;249m'[0m[38;5;249mB[0m[38;5;249mh[0m[38;5;249ma[0m[38;5;249ms[0m[38;5;249mh[0m[38;5;249ma[0m[38;5;249m [0m[38;5;249mN[0m[38;5;249mo[0m[38;5;249md[0m[38;5;249me[0m[38;5;249m'[0m[38;5;249m,[0m
 [38;5;240m   │[0m             │ 
 [38;5;240m   │[0m             ╰─ 
 [38;5;240m   │[0m 
 [38;5;240m   │[0m [38;5;115mHelp[0m: Try inserting a semicolon here
[38;5;246m────╯[0m

  Plugin: [35mvite:oxc[39m
  File: [36mC:/Projects/pers/baif/client/src/i18n/LanguageContext.tsx[39m
[2m9:25:49 pm[22m [31m[1m[vite][22m[39m [31m[2m(client)[22m[39m Pre-transform error: Transform failed with 1 error:

[31m[PARSE_ERROR] [0mExpected a semicolon or an implicit semicolon after a statement, but found none
    [38;5;246m╭[0m[38;5;246m─[0m[38;5;246m[[0m src/i18n/LanguageContext.tsx:29:13 [38;5;246m][0m
    [38;5;246m│[0m
 [38;5;246m29 │[0m [38;5;249m [0m[38;5;249m [0m[38;5;249m'[0m[38;5;249ma[0m[38;5;249mp[0m[38;5;249mp[0m[38;5;249m.[0m[38;5;249mn[0m[38;5;249ma[0m[38;5;249mm[0m[38;5;249me[0m[38;5;249m'[0m[38;5;249m:[0m[38;5;249m [0m[38;5;249m'[0m[38;5;249mB[0m[38;5;249mh[0m[38;5;249ma[0m[38;5;249ms[0m[38;5;249mh[0m[38;5;249ma[0m[38;5;249m [0m[38;5;249mN[0m[38;5;249mo[0m[38;5;249md[0m[38;5;249me[0m[38;5;249m'[0m[38;5;249m,[0m
 [38;5;240m   │[0m             │ 
 [38;5;240m   │[0m             ╰─ 
 [38;5;240m   │[0m 
 [38;5;240m   │[0m [38;5;115mHelp[0m: Try inserting a semicolon here
[38;5;246m────╯[0m

  Plugin: [35mvite:oxc[39m
  File: [36mC:/Projects/pers/baif/client/src/i18n/LanguageContext.tsx[39m
[33m[vite:css][postcss] @import must precede all other statements (besides @charset or empty @layer)
1973 |    }
1974 |  }
1975 |  @import url('https://fonts.googleapis.com/css2?family=Inter:wght@300;400;500;600;700;800&family=JetBrains+Mono:wght@4...
     |  ^^^^^^^^^^^^^^^^^^^^^^^^^^^^^^^^^^^^^^^^^^^^^^^^^^^^^^^^^^^^^^^^^^^^^^^^^^^^^^^^^^^^^^^^^^^^^^^^^^^^^^^^^^^^^^^^^^^^^^^^
1976 |  :root {
1977 |    font-family: 'Inter', system-ui, -apple-system, sans-serif;[39m
[2m9:25:49 pm[22m [31m[1m[vite][22m[39m [31m[2m(client)[22m[39m Pre-transform error: Transform failed with 1 error:

[31m[PARSE_ERROR] [0mExpected a semicolon or an implicit semicolon after a statement, but found none
    [38;5;246m╭[0m[38;5;246m─[0m[38;5;246m[[0m src/i18n/LanguageContext.tsx:29:13 [38;5;246m][0m
    [38;5;246m│[0m
 [38;5;246m29 │[0m [38;5;249m [0m[38;5;249m [0m[38;5;249m'[0m[38;5;249ma[0m[38;5;249mp[0m[38;5;249mp[0m[38;5;249m.[0m[38;5;249mn[0m[38;5;249ma[0m[38;5;249mm[0m[38;5;249me[0m[38;5;249m'[0m[38;5;249m:[0m[38;5;249m [0m[38;5;249m'[0m[38;5;249mB[0m[38;5;249mh[0m[38;5;249ma[0m[38;5;249ms[0m[38;5;249mh[0m[38;5;249ma[0m[38;5;249m [0m[38;5;249mN[0m[38;5;249mo[0m[38;5;249md[0m[38;5;249me[0m[38;5;249m'[0m[38;5;249m,[0m
 [38;5;240m   │[0m             │ 
 [38;5;240m   │[0m             ╰─ 
 [38;5;240m   │[0m 
 [38;5;240m   │[0m [38;5;115mHelp[0m: Try inserting a semicolon here
[38;5;246m────╯[0m

  Plugin: [35mvite:oxc[39m
  File: [36mC:/Projects/pers/baif/client/src/i18n/LanguageContext.tsx[39m
[2m9:25:49 pm[22m [31m[1m[vite][22m[39m [31mInternal server error: Transform failed with 1 error:

[31m[PARSE_ERROR] [0mExpected a semicolon or an implicit semicolon after a statement, but found none
    [38;5;246m╭[0m[38;5;246m─[0m[38;5;246m[[0m src/i18n/LanguageContext.tsx:29:13 [38;5;246m][0m
    [38;5;246m│[0m
 [38;5;246m29 │[0m [38;5;249m [0m[38;5;249m [0m[38;5;249m'[0m[38;5;249ma[0m[38;5;249mp[0m[38;5;249mp[0m[38;5;249m.[0m[38;5;249mn[0m[38;5;249ma[0m[38;5;249mm[0m[38;5;249me[0m[38;5;249m'[0m[38;5;249m:[0m[38;5;249m [0m[38;5;249m'[0m[38;5;249mB[0m[38;5;249mh[0m[38;5;249ma[0m[38;5;249ms[0m[38;5;249mh[0m[38;5;249ma[0m[38;5;249m [0m[38;5;249mN[0m[38;5;249mo[0m[38;5;249md[0m[38;5;249me[0m[38;5;249m'[0m[38;5;249m,[0m
 [38;5;240m   │[0m             │ 
 [38;5;240m   │[0m             ╰─ 
 [38;5;240m   │[0m 
 [38;5;240m   │[0m [38;5;115mHelp[0m: Try inserting a semicolon here
[38;5;246m────╯[0m
[39m
  Plugin: [35mvite:oxc[39m
  File: [36mC:/Projects/pers/baif/client/src/i18n/LanguageContext.tsx[39m
      at transformWithOxc (file:///C:/Projects/pers/baif/client/node_modules/vite/dist/node/chunks/node.js:3661:19)
      at TransformPluginContext.transform (file:///C:/Projects/pers/baif/client/node_modules/vite/dist/node/chunks/node.js:3732:26)
      at EnvironmentPluginContainer.transform (file:///C:/Projects/pers/baif/client/node_modules/vite/dist/node/chunks/node.js:29745:51)
      at async loadAndTransform (file:///C:/Projects/pers/baif/client/node_modules/vite/dist/node/chunks/node.js:19729:26)
      at async viteTransformMiddleware (file:///C:/Projects/pers/baif/client/node_modules/vite/dist/node/chunks/node.js:24160:20)
[2m9:25:59 pm[22m [31m[1m[vite][22m[39m [31m[2m(client)[22m[39m Pre-transform error: Transform failed with 1 error:

[31m[PARSE_ERROR] [0mExpected a semicolon or an implicit semicolon after a statement, but found none
    [38;5;246m╭[0m[38;5;246m─[0m[38;5;246m[[0m src/i18n/LanguageContext.tsx:29:13 [38;5;246m][0m
    [38;5;246m│[0m
 [38;5;246m29 │[0m [38;5;249m [0m[38;5;249m [0m[38;5;249m'[0m[38;5;249ma[0m[38;5;249mp[0m[38;5;249mp[0m[38;5;249m.[0m[38;5;249mn[0m[38;5;249ma[0m[38;5;249mm[0m[38;5;249me[0m[38;5;249m'[0m[38;5;249m:[0m[38;5;249m [0m[38;5;249m'[0m[38;5;249mB[0m[38;5;249mh[0m[38;5;249ma[0m[38;5;249ms[0m[38;5;249mh[0m[38;5;249ma[0m[38;5;249m [0m[38;5;249mN[0m[38;5;249mo[0m[38;5;249md[0m[38;5;249me[0m[38;5;249m'[0m[38;5;249m,[0m
 [38;5;240m   │[0m             │ 
 [38;5;240m   │[0m             ╰─ 
 [38;5;240m   │[0m 
 [38;5;240m   │[0m [38;5;115mHelp[0m: Try inserting a semicolon here
[38;5;246m────╯[0m

  Plugin: [35mvite:oxc[39m
  File: [36mC:/Projects/pers/baif/client/src/i18n/LanguageContext.tsx[39m
[2m9:25:59 pm[22m [31m[1m[vite][22m[39m [31m[2m(client)[22m[39m Pre-transform error: Transform failed with 1 error:

[31m[PARSE_ERROR] [0mExpected a semicolon or an implicit semicolon after a statement, but found none
    [38;5;246m╭[0m[38;5;246m─[0m[38;5;246m[[0m src/i18n/LanguageContext.tsx:29:13 [38;5;246m][0m
    [38;5;246m│[0m
 [38;5;246m29 │[0m [38;5;249m [0m[38;5;249m [0m[38;5;249m'[0m[38;5;249ma[0m[38;5;249mp[0m[38;5;249mp[0m[38;5;249m.[0m[38;5;249mn[0m[38;5;249ma[0m[38;5;249mm[0m[38;5;249me[0m[38;5;249m'[0m[38;5;249m:[0m[38;5;249m [0m[38;5;249m'[0m[38;5;249mB[0m[38;5;249mh[0m[38;5;249ma[0m[38;5;249ms[0m[38;5;249mh[0m[38;5;249ma[0m[38;5;249m [0m[38;5;249mN[0m[38;5;249mo[0m[38;5;249md[0m[38;5;249me[0m[38;5;249m'[0m[38;5;249m,[0m
 [38;5;240m   │[0m             │ 
 [38;5;240m   │[0m             ╰─ 
 [38;5;240m   │[0m 
 [38;5;240m   │[0m [38;5;115mHelp[0m: Try inserting a semicolon here
[38;5;246m────╯[0m

  Plugin: [35mvite:oxc[39m
  File: [36mC:/Projects/pers/baif/client/src/i18n/LanguageContext.tsx[39m
[33m[vite:css][postcss] @import must precede all other statements (besides @charset or empty @layer)
1973 |    }
1974 |  }
1975 |  @import url('https://fonts.googleapis.com/css2?family=Inter:wght@300;400;500;600;700;800&family=JetBrains+Mono:wght@4...
     |  ^^^^^^^^^^^^^^^^^^^^^^^^^^^^^^^^^^^^^^^^^^^^^^^^^^^^^^^^^^^^^^^^^^^^^^^^^^^^^^^^^^^^^^^^^^^^^^^^^^^^^^^^^^^^^^^^^^^^^^^^
1976 |  :root {
1977 |    font-family: 'Inter', system-ui, -apple-system, sans-serif;[39m
[2m9:25:59 pm[22m [31m[1m[vite][22m[39m [31m[2m(client)[22m[39m Pre-transform error: Transform failed with 1 error:

[31m[PARSE_ERROR] [0mExpected a semicolon or an implicit semicolon after a statement, but found none
    [38;5;246m╭[0m[38;5;246m─[0m[38;5;246m[[0m src/i18n/LanguageContext.tsx:29:13 [38;5;246m][0m
    [38;5;246m│[0m
 [38;5;246m29 │[0m [38;5;249m [0m[38;5;249m [0m[38;5;249m'[0m[38;5;249ma[0m[38;5;249mp[0m[38;5;249mp[0m[38;5;249m.[0m[38;5;249mn[0m[38;5;249ma[0m[38;5;249mm[0m[38;5;249me[0m[38;5;249m'[0m[38;5;249m:[0m[38;5;249m [0m[38;5;249m'[0m[38;5;249mB[0m[38;5;249mh[0m[38;5;249ma[0m[38;5;249ms[0m[38;5;249mh[0m[38;5;249ma[0m[38;5;249m [0m[38;5;249mN[0m[38;5;249mo[0m[38;5;249md[0m[38;5;249me[0m[38;5;249m'[0m[38;5;249m,[0m
 [38;5;240m   │[0m             │ 
 [38;5;240m   │[0m             ╰─ 
 [38;5;240m   │[0m 
 [38;5;240m   │[0m [38;5;115mHelp[0m: Try inserting a semicolon here
[38;5;246m────╯[0m

  Plugin: [35mvite:oxc[39m
  File: [36mC:/Projects/pers/baif/client/src/i18n/LanguageContext.tsx[39m
[2m9:25:59 pm[22m [31m[1m[vite][22m[39m [31mInternal server error: Transform failed with 1 error:

[31m[PARSE_ERROR] [0mExpected a semicolon or an implicit semicolon after a statement, but found none
    [38;5;246m╭[0m[38;5;246m─[0m[38;5;246m[[0m src/i18n/LanguageContext.tsx:29:13 [38;5;246m][0m
    [38;5;246m│[0m
 [38;5;246m29 │[0m [38;5;249m [0m[38;5;249m [0m[38;5;249m'[0m[38;5;249ma[0m[38;5;249mp[0m[38;5;249mp[0m[38;5;249m.[0m[38;5;249mn[0m[38;5;249ma[0m[38;5;249mm[0m[38;5;249me[0m[38;5;249m'[0m[38;5;249m:[0m[38;5;249m [0m[38;5;249m'[0m[38;5;249mB[0m[38;5;249mh[0m[38;5;249ma[0m[38;5;249ms[0m[38;5;249mh[0m[38;5;249ma[0m[38;5;249m [0m[38;5;249mN[0m[38;5;249mo[0m[38;5;249md[0m[38;5;249me[0m[38;5;249m'[0m[38;5;249m,[0m
 [38;5;240m   │[0m             │ 
 [38;5;240m   │[0m             ╰─ 
 [38;5;240m   │[0m 
 [38;5;240m   │[0m [38;5;115mHelp[0m: Try inserting a semicolon here
[38;5;246m────╯[0m
[39m
  Plugin: [35mvite:oxc[39m
  File: [36mC:/Projects/pers/baif/client/src/i18n/LanguageContext.tsx[39m
      at transformWithOxc (file:///C:/Projects/pers/baif/client/node_modules/vite/dist/node/chunks/node.js:3661:19)
      at TransformPluginContext.transform (file:///C:/Projects/pers/baif/client/node_modules/vite/dist/node/chunks/node.js:3732:26)
      at EnvironmentPluginContainer.transform (file:///C:/Projects/pers/baif/client/node_modules/vite/dist/node/chunks/node.js:29745:51)
      at async loadAndTransform (file:///C:/Projects/pers/baif/client/node_modules/vite/dist/node/chunks/node.js:19729:26)
      at async viteTransformMiddleware (file:///C:/Projects/pers/baif/client/node_modules/vite/dist/node/chunks/node.js:24160:20)
[2m9:27:22 pm[22m [31m[1m[vite][22m[39m [31m[2m(client)[22m[39m Pre-transform error: Transform failed with 1 error:

[31m[PARSE_ERROR] [0mExpected a semicolon or an implicit semicolon after a statement, but found none
    [38;5;246m╭[0m[38;5;246m─[0m[38;5;246m[[0m src/i18n/LanguageContext.tsx:29:13 [38;5;246m][0m
    [38;5;246m│[0m
 [38;5;246m29 │[0m [38;5;249m [0m[38;5;249m [0m[38;5;249m'[0m[38;5;249ma[0m[38;5;249mp[0m[38;5;249mp[0m[38;5;249m.[0m[38;5;249mn[0m[38;5;249ma[0m[38;5;249mm[0m[38;5;249me[0m[38;5;249m'[0m[38;5;249m:[0m[38;5;249m [0m[38;5;249m'[0m[38;5;249mB[0m[38;5;249mh[0m[38;5;249ma[0m[38;5;249ms[0m[38;5;249mh[0m[38;5;249ma[0m[38;5;249m [0m[38;5;249mN[0m[38;5;249mo[0m[38;5;249md[0m[38;5;249me[0m[38;5;249m'[0m[38;5;249m,[0m
 [38;5;240m   │[0m             │ 
 [38;5;240m   │[0m             ╰─ 
 [38;5;240m   │[0m 
 [38;5;240m   │[0m [38;5;115mHelp[0m: Try inserting a semicolon here
[38;5;246m────╯[0m

  Plugin: [35mvite:oxc[39m
  File: [36mC:/Projects/pers/baif/client/src/i18n/LanguageContext.tsx[39m
[2m9:27:22 pm[22m [31m[1m[vite][22m[39m [31m[2m(client)[22m[39m Pre-transform error: Transform failed with 1 error:

[31m[PARSE_ERROR] [0mExpected a semicolon or an implicit semicolon after a statement, but found none
    [38;5;246m╭[0m[38;5;246m─[0m[38;5;246m[[0m src/i18n/LanguageContext.tsx:29:13 [38;5;246m][0m
    [38;5;246m│[0m
 [38;5;246m29 │[0m [38;5;249m [0m[38;5;249m [0m[38;5;249m'[0m[38;5;249ma[0m[38;5;249mp[0m[38;5;249mp[0m[38;5;249m.[0m[38;5;249mn[0m[38;5;249ma[0m[38;5;249mm[0m[38;5;249me[0m[38;5;249m'[0m[38;5;249m:[0m[38;5;249m [0m[38;5;249m'[0m[38;5;249mB[0m[38;5;249mh[0m[38;5;249ma[0m[38;5;249ms[0m[38;5;249mh[0m[38;5;249ma[0m[38;5;249m [0m[38;5;249mN[0m[38;5;249mo[0m[38;5;249md[0m[38;5;249me[0m[38;5;249m'[0m[38;5;249m,[0m
 [38;5;240m   │[0m             │ 
 [38;5;240m   │[0m             ╰─ 
 [38;5;240m   │[0m 
 [38;5;240m   │[0m [38;5;115mHelp[0m: Try inserting a semicolon here
[38;5;246m────╯[0m

  Plugin: [35mvite:oxc[39m
  File: [36mC:/Projects/pers/baif/client/src/i18n/LanguageContext.tsx[39m
[33m[vite:css][postcss] @import must precede all other statements (besides @charset or empty @layer)
1973 |    }
1974 |  }
1975 |  @import url('https://fonts.googleapis.com/css2?family=Inter:wght@300;400;500;600;700;800&family=JetBrains+Mono:wght@4...
     |  ^^^^^^^^^^^^^^^^^^^^^^^^^^^^^^^^^^^^^^^^^^^^^^^^^^^^^^^^^^^^^^^^^^^^^^^^^^^^^^^^^^^^^^^^^^^^^^^^^^^^^^^^^^^^^^^^^^^^^^^^
1976 |  :root {
1977 |    font-family: 'Inter', system-ui, -apple-system, sans-serif;[39m
[2m9:27:22 pm[22m [31m[1m[vite][22m[39m [31m[2m(client)[22m[39m Pre-transform error: Transform failed with 1 error:

[31m[PARSE_ERROR] [0mExpected a semicolon or an implicit semicolon after a statement, but found none
    [38;5;246m╭[0m[38;5;246m─[0m[38;5;246m[[0m src/i18n/LanguageContext.tsx:29:13 [38;5;246m][0m
    [38;5;246m│[0m
 [38;5;246m29 │[0m [38;5;249m [0m[38;5;249m [0m[38;5;249m'[0m[38;5;249ma[0m[38;5;249mp[0m[38;5;249mp[0m[38;5;249m.[0m[38;5;249mn[0m[38;5;249ma[0m[38;5;249mm[0m[38;5;249me[0m[38;5;249m'[0m[38;5;249m:[0m[38;5;249m [0m[38;5;249m'[0m[38;5;249mB[0m[38;5;249mh[0m[38;5;249ma[0m[38;5;249ms[0m[38;5;249mh[0m[38;5;249ma[0m[38;5;249m [0m[38;5;249mN[0m[38;5;249mo[0m[38;5;249md[0m[38;5;249me[0m[38;5;249m'[0m[38;5;249m,[0m
 [38;5;240m   │[0m             │ 
 [38;5;240m   │[0m             ╰─ 
 [38;5;240m   │[0m 
 [38;5;240m   │[0m [38;5;115mHelp[0m: Try inserting a semicolon here
[38;5;246m────╯[0m

  Plugin: [35mvite:oxc[39m
  File: [36mC:/Projects/pers/baif/client/src/i18n/LanguageContext.tsx[39m
[2m9:27:22 pm[22m [31m[1m[vite][22m[39m [31mInternal server error: Transform failed with 1 error:

[31m[PARSE_ERROR] [0mExpected a semicolon or an implicit semicolon after a statement, but found none
    [38;5;246m╭[0m[38;5;246m─[0m[38;5;246m[[0m src/i18n/LanguageContext.tsx:29:13 [38;5;246m][0m
    [38;5;246m│[0m
 [38;5;246m29 │[0m [38;5;249m [0m[38;5;249m [0m[38;5;249m'[0m[38;5;249ma[0m[38;5;249mp[0m[38;5;249mp[0m[38;5;249m.[0m[38;5;249mn[0m[38;5;249ma[0m[38;5;249mm[0m[38;5;249me[0m[38;5;249m'[0m[38;5;249m:[0m[38;5;249m [0m[38;5;249m'[0m[38;5;249mB[0m[38;5;249mh[0m[38;5;249ma[0m[38;5;249ms[0m[38;5;249mh[0m[38;5;249ma[0m[38;5;249m [0m[38;5;249mN[0m[38;5;249mo[0m[38;5;249md[0m[38;5;249me[0m[38;5;249m'[0m[38;5;249m,[0m
 [38;5;240m   │[0m             │ 
 [38;5;240m   │[0m             ╰─ 
 [38;5;240m   │[0m 
 [38;5;240m   │[0m [38;5;115mHelp[0m: Try inserting a semicolon here
[38;5;246m────╯[0m
[39m
  Plugin: [35mvite:oxc[39m
  File: [36mC:/Projects/pers/baif/client/src/i18n/LanguageContext.tsx[39m
      at transformWithOxc (file:///C:/Projects/pers/baif/client/node_modules/vite/dist/node/chunks/node.js:3661:19)
      at TransformPluginContext.transform (file:///C:/Projects/pers/baif/client/node_modules/vite/dist/node/chunks/node.js:3732:26)
      at EnvironmentPluginContainer.transform (file:///C:/Projects/pers/baif/client/node_modules/vite/dist/node/chunks/node.js:29745:51)
      at async loadAndTransform (file:///C:/Projects/pers/baif/client/node_modules/vite/dist/node/chunks/node.js:19729:26)
      at async viteTransformMiddleware (file:///C:/Projects/pers/baif/client/node_modules/vite/dist/node/chunks/node.js:24160:20)
[2m9:27:37 pm[22m [31m[1m[vite][22m[39m [31mInternal server error: Transform failed with 1 error:

[31m[PARSE_ERROR] [0mExpected a semicolon or an implicit semicolon after a statement, but found none
    [38;5;246m╭[0m[38;5;246m─[0m[38;5;246m[[0m src/i18n/LanguageContext.tsx:29:13 [38;5;246m][0m
    [38;5;246m│[0m
 [38;5;246m29 │[0m [38;5;249m [0m[38;5;249m [0m[38;5;249m'[0m[38;5;249ma[0m[38;5;249mp[0m[38;5;249mp[0m[38;5;249m.[0m[38;5;249mn[0m[38;5;249ma[0m[38;5;249mm[0m[38;5;249me[0m[38;5;249m'[0m[38;5;249m:[0m[38;5;249m [0m[38;5;249m'[0m[38;5;249mB[0m[38;5;249mh[0m[38;5;249ma[0m[38;5;249ms[0m[38;5;249mh[0m[38;5;249ma[0m[38;5;249m [0m[38;5;249mN[0m[38;5;249mo[0m[38;5;249md[0m[38;5;249me[0m[38;5;249m'[0m[38;5;249m,[0m
 [38;5;240m   │[0m             │ 
 [38;5;240m   │[0m             ╰─ 
 [38;5;240m   │[0m 
 [38;5;240m   │[0m [38;5;115mHelp[0m: Try inserting a semicolon here
[38;5;246m────╯[0m
[39m
  Plugin: [35mvite:oxc[39m
  File: [36mC:/Projects/pers/baif/client/src/i18n/LanguageContext.tsx[39m
      at transformWithOxc (file:///C:/Projects/pers/baif/client/node_modules/vite/dist/node/chunks/node.js:3661:19)
      at TransformPluginContext.transform (file:///C:/Projects/pers/baif/client/node_modules/vite/dist/node/chunks/node.js:3732:26)
      at EnvironmentPluginContainer.transform (file:///C:/Projects/pers/baif/client/node_modules/vite/dist/node/chunks/node.js:29745:51)
      at async loadAndTransform (file:///C:/Projects/pers/baif/client/node_modules/vite/dist/node/chunks/node.js:19729:26)
      at async viteTransformMiddleware (file:///C:/Projects/pers/baif/client/node_modules/vite/dist/node/chunks/node.js:24160:20)
[33m[vite:css][postcss] @import must precede all other statements (besides @charset or empty @layer)
1973 |    }
1974 |  }
1975 |  @import url('https://fonts.googleapis.com/css2?family=Inter:wght@300;400;500;600;700;800&family=JetBrains+Mono:wght@4...
     |  ^^^^^^^^^^^^^^^^^^^^^^^^^^^^^^^^^^^^^^^^^^^^^^^^^^^^^^^^^^^^^^^^^^^^^^^^^^^^^^^^^^^^^^^^^^^^^^^^^^^^^^^^^^^^^^^^^^^^^^^^
1976 |  :root {
1977 |    font-family: 'Inter', system-ui, -apple-system, sans-serif;[39m
^C